File "command line", line 1:
Error: Unbound module NonExistantModule
Error: module NonExistantModule not found.

