File "_none_", line 1:
Error: Cannot find file nonexistentFile.cmo
Error: Cannot find file nonexistentFile.cmo.
Cmo files are artifacts the compiler looks for when compiling/linking dependent files.
