# Unformatted Warning Output:
# File "tests/__tests__/refmterr/__fixtures__/warning_OptionalArgumentNotErased/warning_OptionalArgumentNotErased_2.ml", line 1, characters 18-31:
# Warning 16: this optional argument cannot be erased.


 WARNING  tests/__tests__/refmterr/__fixtures__/warning_OptionalArgumentNotErased/warning_OptionalArgumentNotErased_2.ml:1 18-31  [Warning Code 16] 

1 ┆ let eat aNumber ?(withFork=true) =
2 ┆   "Hello, world!"
3 ┆ 
4 ┆ let () = print_endline (eat 1 ~withFork:false)

withFork is an optional argument at last position; calling the function by omitting withFork might be confused with currying.

The solution is usually to provide a final non-named argument, or a final unit() argument if necessary.


