# Unformatted Warning Output:
# File "tests/__tests__/refmterr/__fixtures__/warning_OptionalArgumentNotErased/warning_OptionalArgumentNotErased_1.ml", line 2, characters 11-15:
# Warning 16: this optional argument cannot be erased.


 WARNING  tests/__tests__/refmterr/__fixtures__/warning_OptionalArgumentNotErased/warning_OptionalArgumentNotErased_1.ml:2 11-15  [Warning Code 16] 

1 ┆ (* the spacing matters here to test the regex that extracts bcD' *)
2 ┆ let asd a ?bcD'= "asd"
3 ┆ 
4 ┆ let () = print_endline (asd 1 ~bcD':1)

bcD' is an optional argument at last position; calling the function by omitting bcD' might be confused with currying.

The solution is usually to provide a final non-named argument, or a final unit() argument if necessary.


