# Unformatted Error Output:
# File "tests/__tests__/refmterr/__fixtures__/type_FunctionWrongLabel/type_FunctionWrongLabel_1.ml", line 3, characters 29-59:
# Error: This function should have type
#          a:string list ->
#          b:int * int * int * int * int -> c:string list -> unit -> 'a
#        but its first argument is labelled ~aa


 ERROR  tests/__tests__/refmterr/__fixtures__/type_FunctionWrongLabel/type_FunctionWrongLabel_1.ml:3 29-59 

1 ┆ let thisFunction ~f args = f ~a:["hello"] ~b:(0, 2, 3, 4, 5) ~c:["anotherString"] ()
2 ┆ 
3 ┆ let result = thisFunction ~f:(fun ~aa ~b ~c u -> aa + b +c)

This function should have type:
(~a: list(string), ~b: (int, int, int, int, int), ~c: list(string), unit) => 'a

But its first argument is named ~aa


