# Unformatted Error Output:
# File "tests/__tests__/refmterr/__fixtures__/type_FunctionWrongLabel/type_FunctionWrongLabel_3.ml", line 4, characters 29-60:
# Error: This function should have type
#          int ->
#          a:string list ->
#          b:int * int * int * int * int -> c:string list -> unit -> 'a
#        but its first argument is labelled ~a


 ERROR  tests/__tests__/refmterr/__fixtures__/type_FunctionWrongLabel/type_FunctionWrongLabel_3.ml:4 29-60 

1 ┆ let xyz = 0
2 ┆ let thisFunction ~f args = f xyz ~a:["hello"] ~b:(0, 2, 3, 4, 5) ~c:["anotherString"] ()
3 ┆ 
4 ┆ let result = thisFunction ~f:(fun ~a:0 ~b ~c u -> aa + b +c)

This function should have type:
(int, ~a: list(string), ~b: (int, int, int, int, int), ~c: list(string), unit) =>
'a

But its first argument is named ~a


