# Unformatted Error Output:
# File "tests/__tests__/refmterr/__fixtures__/type_FunctionWrongLabel/type_FunctionWrongLabel_5.ml", line 4, characters 29-61:
# Error: This function should have type
#          int -> b:int * int * int * int * int -> c:string list -> unit -> 'a
#        but its first argument is labelled ?a


 ERROR  tests/__tests__/refmterr/__fixtures__/type_FunctionWrongLabel/type_FunctionWrongLabel_5.ml:4 29-61 

1 ┆ let a = 0
2 ┆ let thisFunction ~f args = f a ~b:(0, 2, 3, 4, 5) ~c:["anotherString"] ()
3 ┆ 
4 ┆ let result = thisFunction ~f:(fun ?(a=0) ~b ~c u -> a + b +c)

This function should have type:
(int, ~b: (int, int, int, int, int), ~c: list(string), unit) => 'a

But its first argument is an optional named ~a?


