# Unformatted Error Output:
# File "tests/__tests__/refmterr/__fixtures__/type_NotAFunction/type_NotAFunction_1.ml", line 2, characters 2-23:
# Error: This expression has type
#          int list list list list list list list list list list
#        This is not a function; it cannot be applied.


 ERROR  tests/__tests__/refmterr/__fixtures__/type_NotAFunction/type_NotAFunction_1.ml:2 2-23 

1 ┆ let a =
2 ┆   [[[[[[[[[[5]]]]]]]]]] ()

Perhaps you have forgoten a semicolon, or a comma somewhere.
This has type list(list(list(list(list(list(list(list(list(list(int)))))))))), but you are calling it as a function.


