# Unformatted Warning Output:
# File "tests/__tests__/refmterr/__fixtures__/warning_PatternUnused/warning_PatternUnused_1.ml", line 8, characters 2-3:
# Warning 11: this match case is unused.


 WARNING  tests/__tests__/refmterr/__fixtures__/warning_PatternUnused/warning_PatternUnused_1.ml:8 2-3  [Warning Code 11] 

5 ┆ let say a = match a with
6 ┆ | Hello -> ()
7 ┆ | Goodbye -> ()
8 ┆ | _ -> ()



