# Unformatted Error Output:
# File "tests/__tests__/refmterr/__fixtures__/type_MismatchTypeArguments/type_MismatchTypeArguments_1.ml", line 4, characters 14-21:
# Error: The constructor Coconut expects 1 argument(s),
#        but is applied here to 0 argument(s)


 ERROR  tests/__tests__/refmterr/__fixtures__/type_MismatchTypeArguments/type_MismatchTypeArguments_1.ml:4 14-21 

1 ┆ type bread =
2 ┆   | Coconut of string
3 ┆ 
4 ┆ let morning = Coconut

You must pass exactly 1 argument to this variant. You have passed 0 arguments.


