# Unformatted Error Output:
# File "tests/__tests__/refmterr/__fixtures__/file_SyntaxError/file_SyntaxError_2.ml", line 1, characters 20-21:
# Error: Syntax error: operator expected.


 ERROR  tests/__tests__/refmterr/__fixtures__/file_SyntaxError/file_SyntaxError_2.ml:1 20-21 

1 â”† let a = (print_char 'a)

This is a syntax error: operator expected.

Note: the location indicated might not be accurate.


