# Unformatted Error Output:
# File "tests/__tests__/refmterr/__fixtures__/file_SyntaxError/file_SyntaxError_4.ml", line 5, characters 23-24:
# Error: Syntax error


 ERROR  tests/__tests__/refmterr/__fixtures__/file_SyntaxError/file_SyntaxError_4.ml:5 23-24 

2 ┆   path: string;
3 ┆   messages: message list;
4 ┆ }
5 ┆ type output = file list;

This is a syntax error.
Make sure all imperative statements, as well as let/type bindings have exactly one semicolon separating them.
Note: the location indicated might not be accurate.


