# Unformatted Error Output:
# File "tests/__tests__/refmterr/__fixtures__/file_SyntaxError/file_SyntaxError_3.ml", line 2, characters 0-0:
# Error: Syntax error: ')' expected


 ERROR  tests/__tests__/refmterr/__fixtures__/file_SyntaxError/file_SyntaxError_3.ml:1 12-13 

1 ┆ let a = (1, 2

This is a syntax error: ')' expected

Note: the location indicated might not be accurate.


# Unformatted Error Output:
# File "tests/__tests__/refmterr/__fixtures__/file_SyntaxError/file_SyntaxError_3.ml", line 1, characters 8-9:
# Error: This '(' might be unmatched


 ERROR  tests/__tests__/refmterr/__fixtures__/file_SyntaxError/file_SyntaxError_3.ml:1 8-9 

1 ┆ let a = (1, 2



