# Unformatted Error Output:
# File "tests/__tests__/refmterr/__fixtures__/file_SyntaxError/file_SyntaxError_1.ml", line 2, characters 11-17:
# Error: Syntax error


 ERROR  tests/__tests__/refmterr/__fixtures__/file_SyntaxError/file_SyntaxError_1.ml:2 11-17 

1 ┆ let () =
2 ┆   I'm glad you're looking at this file =)

This is a syntax error.

Note: the location indicated might not be accurate.


