# Unformatted Error Output:
# File "tests/__tests__/refmterr/__fixtures__/file_SyntaxError/file_SyntaxError_7.re", line 20, characters 22-23:
# Error: 1499: <syntax error>


 ERROR  tests/__tests__/refmterr/__fixtures__/file_SyntaxError/file_SyntaxError_7.re:20 22-23 

17 ┆     fun
18 ┆     | React.Changed(s) => s,
19 ┆     React.One(Dom.div(~className="helloClass", Empty)),
20 ┆   ) : React.elem(tree);
21 ┆ };



# Unformatted Error Output:
# File "tests/__tests__/refmterr/__fixtures__/file_SyntaxError/file_SyntaxError_7.re", line 1:
# Error: Error while running external preprocessor


 ERROR  tests/__tests__/refmterr/__fixtures__/file_SyntaxError/file_SyntaxError_7.re:1 0-0 

 1 ┆ module Input: {
 2 ┆   /*
 3 ┆    * Components that don't accept Children, would not have parameterized
 4 ┆    * `element`. Child-accepting components would.



Command line: refmt 'tests/__tests__/refmterr/__fixtures__/file_SyntaxError/file_SyntaxError_7.re' > /var/folders/l6/2bj0c02s3xg8nr4tzczxvtph0000gp/T/ocamlpp54a73a

