# Unformatted Error Output:
# File "tests/__tests__/refmterr/__fixtures__/type_AppliedWithoutLabel/type_AppliedWithoutLabel_1.ml", line 4, characters 6-7:
# Error: The function applied to this argument has type a:'a -> b:'b -> unit


 ERROR  tests/__tests__/refmterr/__fixtures__/type_AppliedWithoutLabel/type_AppliedWithoutLabel_1.ml:4 6-7 

1 ┆ let f ~a ~b c = ()
2 ┆ 
3 ┆ let () =
4 ┆   f 1 2



This argument cannot be applied without label
