# Unformatted Warning Output:
# File "tests/__tests__/refmterr/__fixtures__/warning_PatternNotExhaustive/warning_PatternNotExhaustive_1.ml", line 5, characters 12-38:
# Warning 8: this pattern-matching is not exhaustive.


 WARNING  tests/__tests__/refmterr/__fixtures__/warning_PatternNotExhaustive/warning_PatternNotExhaustive_1.ml:5:12-6:13  [Warning Code 8] 

2 ┆   | Hello
3 ┆   | Goodbye
4 ┆ 
5 ┆ let say a = match a with
6 ┆ | Hello -> ()



Here is an example of a case that is not matched:
Goodbye
