# Unformatted Error Output:
# File "tests/__tests__/refmterr/__fixtures__/file_IllegalCharacter/file_IllegalCharacter_1.ml", line 2, characters 2-3:
# Error: Illegal character (\\)


 ERROR  tests/__tests__/refmterr/__fixtures__/file_IllegalCharacter/file_IllegalCharacter_1.ml:2 2-3 

1 ┆ let () =
2 ┆   \hahaha look at me
3 ┆   roaming free
4 ┆   this is a haiku
5 ┆   kidding it's not

The character `\\` is illegal.


