# Unformatted Error Output:
# File "tests/__tests__/refmterr/__fixtures__/type_SignatureItemMismatch/type_SignatureItemMismatch_10.ml", line 7, characters 24-85:
# Error: Signature mismatch:
#        Modules do not match:
#          sig type wrongArity = float type wrongType = float end
#        is not included in
#          Sig
#        Type declarations do not match:
#          type wrongArity = float
#        is not included in
#          type 'a wrongArity = int
#        File "tests/__tests__/refmterr/__fixtures__/type_SignatureItemMismatch/type_SignatureItemMismatch_10.ml", line 3, characters 2-26:
#          Expected declaration
#        File "tests/__tests__/refmterr/__fixtures__/type_SignatureItemMismatch/type_SignatureItemMismatch_10.ml", line 8, characters 2-25:
#          Actual declaration
#        They have different arities.


 ERROR  tests/__tests__/refmterr/__fixtures__/type_SignatureItemMismatch/type_SignatureItemMismatch_10.ml:7:24-10:3 

 4 ┆   type wrongType = int
 5 ┆ end
 6 ┆ 
 7 ┆ module MyModule : Sig = struct
 8 ┆   type wrongArity = float
 9 ┆   type wrongType = float
10 ┆ end

This module contains a type definition with the wrong number of type parameters 

  At tests/__tests__/refmterr/__fixtures__/type_SignatureItemMismatch/type_SignatureItemMismatch_10.ml:3
  the expected signature differs from provided signature:

  type wrongArity('a) = int;
  type wrongArity = float;




