# Unformatted Error Output:
# File "tests/__tests__/refmterr/__fixtures__/type_SignatureItemMismatch/type_SignatureItemMismatch_11.ml", line 1:
# Error: The implementation tests/__tests__/refmterr/__fixtures__/type_SignatureItemMismatch/type_SignatureItemMismatch_11.ml
#        does not match the interface tests/__tests__/refmterr/__fixtures__/type_SignatureItemMismatch/type_SignatureItemMismatch_11.cmi:
#        Type declarations do not match:
#          type wrongArity = float
#        is not included in
#          type 'a wrongArity = int
#        File "tests/__tests__/refmterr/__fixtures__/type_SignatureItemMismatch/type_SignatureItemMismatch_11.mli", line 1, characters 0-24:
#          Expected declaration
#        File "tests/__tests__/refmterr/__fixtures__/type_SignatureItemMismatch/type_SignatureItemMismatch_11.ml", line 2, characters 0-23:
#          Actual declaration
#        They have different arities.


 ERROR  tests/__tests__/refmterr/__fixtures__/type_SignatureItemMismatch/type_SignatureItemMismatch_11.ml:1 0-0 

1 ┆ (* Test wrongly specified type but from interface *)
2 ┆ type wrongArity = float
3 ┆ type wrongType = float

This module contains a type definition with the wrong number of type parameters 

  At tests/__tests__/refmterr/__fixtures__/type_SignatureItemMismatch/type_SignatureItemMismatch_11.mli:1
  the expected signature differs from provided signature:

  type wrongArity('a) = int;
  type wrongArity = float;




