# Unformatted Error Output:
# File "tests/__tests__/refmterr/__fixtures__/type_SignatureItemMismatch/type_SignatureItemMismatch_8.ml", line 6, characters 24-58:
# Error: Signature mismatch:
#        Modules do not match:
#          sig type wrongArity = int end
#        is not included in
#          Sig
#        Type declarations do not match:
#          type wrongArity = int
#        is not included in
#          type 'a wrongArity
#        File "tests/__tests__/refmterr/__fixtures__/type_SignatureItemMismatch/type_SignatureItemMismatch_8.ml", line 3, characters 2-20:
#          Expected declaration
#        File "tests/__tests__/refmterr/__fixtures__/type_SignatureItemMismatch/type_SignatureItemMismatch_8.ml", line 7, characters 2-23:
#          Actual declaration
#        They have different arities.


 ERROR  tests/__tests__/refmterr/__fixtures__/type_SignatureItemMismatch/type_SignatureItemMismatch_8.ml:6:24-8:3 

3 ┆   type 'a wrongArity
4 ┆ end
5 ┆ 
6 ┆ module MyModule : Sig = struct
7 ┆   type wrongArity = int
8 ┆ end
9 ┆ 

This module contains a type definition with the wrong number of type parameters 

  At tests/__tests__/refmterr/__fixtures__/type_SignatureItemMismatch/type_SignatureItemMismatch_8.ml:3
  the expected signature differs from provided signature:

  type wrongArity('a);
  type wrongArity = int;




