# Unformatted Error Output:
# File "tests/__tests__/refmterr/__fixtures__/type_SignatureItemMismatch/type_SignatureItemMismatch_9.ml", line 6, characters 24-59:
# Error: Signature mismatch:
#        Modules do not match:
#          sig type wrongType = float end
#        is not included in
#          Sig
#        Type declarations do not match:
#          type wrongType = float
#        is not included in
#          type wrongType = int
#        File "tests/__tests__/refmterr/__fixtures__/type_SignatureItemMismatch/type_SignatureItemMismatch_9.ml", line 3, characters 2-22:
#          Expected declaration
#        File "tests/__tests__/refmterr/__fixtures__/type_SignatureItemMismatch/type_SignatureItemMismatch_9.ml", line 7, characters 2-24:
#          Actual declaration


 ERROR  tests/__tests__/refmterr/__fixtures__/type_SignatureItemMismatch/type_SignatureItemMismatch_9.ml:6:24-8:3 

3 ┆   type wrongType = int
4 ┆ end
5 ┆ 
6 ┆ module MyModule : Sig = struct
7 ┆   type wrongType = float
8 ┆ end
9 ┆ 

This module contains a type definition that contradicts its signature

  At tests/__tests__/refmterr/__fixtures__/type_SignatureItemMismatch/type_SignatureItemMismatch_9.ml:3
  the expected signature differs from provided signature:

  type wrongType = int;
  type wrongType = float;




