# Unformatted Warning Output:
# File "tests/__tests__/refmterr/__fixtures__/type_IncompatibleType/type_IncompatibleType_4.ml", line 14, characters 44-55:
# Warning 40: this record of type TopNotchModule.myRecord contains fields that are 
# not visible in the current scope: nihao.
# They will not be selected if the type becomes unknown.


 WARNING  tests/__tests__/refmterr/__fixtures__/type_IncompatibleType/type_IncompatibleType_4.ml:14 44-55  [Warning Code 40] 

11 ┆   end
12 ┆ end
13 ┆ 
14 ┆ let asd: TopNotchModule.jeSuisStrings = ([[[{nihao = 1}]]]: TopNotchModule.Nested.wow)



# Unformatted Error Output:
# File "tests/__tests__/refmterr/__fixtures__/type_IncompatibleType/type_IncompatibleType_4.ml", line 14, characters 40-86:
# Error: This expression has type
#          TopNotchModule.Nested.wow = TopNotchModule.myRecordListListList list
#        but an expression was expected of type
#          TopNotchModule.jeSuisStrings = TopNotchModule.jeSuisString list list
#        Type
#          TopNotchModule.myRecordListListList =
#            TopNotchModule.myRecordListList list
#        is not compatible with type TopNotchModule.jeSuisString list 
#        Type
#          TopNotchModule.myRecordListList = TopNotchModule.myRecordList list
#        is not compatible with type TopNotchModule.jeSuisString = string 


 ERROR  tests/__tests__/refmterr/__fixtures__/type_IncompatibleType/type_IncompatibleType_4.ml:14 40-86 

11 ┆   end
12 ┆ end
13 ┆ 
14 ┆ let asd: TopNotchModule.jeSuisStrings = ([[[{nihao = 1}]]]: TopNotchModule.Nested.wow)

This type doesn't match what is expected.

  This type:
    TopNotchModule.Nested.wow
    Equals
    list(TopNotchModule.myRecordListListList)

  Expecting:
    TopNotchModule.jeSuisStrings
    Equals
    list(list(TopNotchModule.jeSuisString))


The contradicting parts:

  The type:   
    TopNotchModule.myRecordListListList
    Equals
    list(TopNotchModule.myRecordListList)

  Contradicts:
    list(TopNotchModule.jeSuisString)


  The type:   
    TopNotchModule.myRecordListList
    Equals
    list(TopNotchModule.myRecordList)

  Contradicts:
    TopNotchModule.jeSuisString
    Equals
    string



