# Unformatted Error Output:
# File "tests/__tests__/refmterr/__fixtures__/type_IncompatibleType/type_IncompatibleType_3.ml", line 6, characters 8-13:
# Error: This expression has type 'a array
#        but an expression was expected of type string list


 ERROR  tests/__tests__/refmterr/__fixtures__/type_IncompatibleType/type_IncompatibleType_3.ml:6 8-13 

3 ┆ }
4 ┆ 
5 ┆ let takeMeAway = {
6 ┆   bla = [|1|];
7 ┆ }

This type doesn't match what is expected.

  This type: array('a)
  Expecting: list(string)



