# Unformatted Error Output:
# File "tests/__tests__/refmterr/__fixtures__/type_IncompatibleType/type_IncompatibleType_6.ml", line 3, characters 32-39:
# Error: This expression has type string but an expression was expected of type
#          string -> 'a -> 'b


 ERROR  tests/__tests__/refmterr/__fixtures__/type_IncompatibleType/type_IncompatibleType_6.ml:3 32-39 

1 ┆ let iTakeAFunction f a = f "yes" a
2 ┆ 
3 ┆ let () = ignore (iTakeAFunction "rebel")

This type doesn't match what is expected.

  This type: string
  Expecting: (string, 'a) => 'b



