# Unformatted Error Output:
# File "tests/__tests__/refmterr/__fixtures__/type_UnboundModule/type_UnboundModule_2.ml", line 10, characters 5-63:
# Error: Unbound module HelloWorld.ThisMorningIThink.IWillEatSomeDelicious.Pancaek
# Hint: Did you mean Pancake?


 ERROR  tests/__tests__/refmterr/__fixtures__/type_UnboundModule/type_UnboundModule_2.ml:10 5-63 

 7 ┆   end
 8 ┆ end
 9 ┆ 
10 ┆ open HelloWorld.ThisMorningIThink.IWillEatSomeDelicious.Pancaek

Module HelloWorld.ThisMorningIThink.IWillEatSomeDelicious.Pancaek; not found in included libraries.

Hint: did you mean Pancake?


