# Unformatted Error Output:
# File "tests/__tests__/refmterr/__fixtures__/type_UnboundModule/type_UnboundModule_1.ml", line 1, characters 5-11:
# Error: Unbound module Camlp4


 ERROR  tests/__tests__/refmterr/__fixtures__/type_UnboundModule/type_UnboundModule_1.ml:1 5-11 

1 â”† open Camlp4;;

Module Camlp4; not found in included libraries.

Hint: You might need to tell your build system to depend on a library that contains Camlp4;.
You can see which libraries are available by doing `ocamlfind list` (or `esy ocamlfind list` inside your esy project)
 - For jbuilder: make sure you include the library that contains Camlp4; in your jbuild file's (libraries ...) section.
 - ocamlfind: make sure you have `-package libraryName -linkpkg` in your build command.
 - ocamlbuild: make sure you have `-pkgs libraryName` in your build command.


