# Unformatted Error Output:
# File "tests/__tests__/refmterr/__fixtures__/type_UnboundValue/type_UnboundValue_1.ml", line 1, characters 21-27:
# Error: Unbound value perhap
# Hint: Did you mean perhaps?


 ERROR  tests/__tests__/refmterr/__fixtures__/type_UnboundValue/type_UnboundValue_1.ml:1 21-27 

1 â”† let callMe perhaps = perhap 1

The value named perhap can't be found. Did you mean perhaps?


