# Unformatted Error Output:
# File "tests/__tests__/refmterr/__fixtures__/type_UnboundValue/type_UnboundValue_3.ml", line 3, characters 16-17:
# Error: Unbound value a


 ERROR  tests/__tests__/refmterr/__fixtures__/type_UnboundValue/type_UnboundValue_3.ml:3 16-17 

1 ┆ let f ~a b = 5 + a
2 ┆ 
3 ┆ let eleven = f ~a 6

The value named a can't be found. Could it be a typo?


