# Unformatted Error Output:
# File "tests/__tests__/refmterr/__fixtures__/type_UnboundValue/type_UnboundValue_4.ml", line 6, characters 19-29:
# Error: Unbound value poshanossy
# Hint: Did you mean poshanessy, poshanissy, poshanyssy or poshanassy?


 ERROR  tests/__tests__/refmterr/__fixtures__/type_UnboundValue/type_UnboundValue_4.ml:6 19-29 

3 ┆ let poshanissy = 3
4 ┆ let poshanyssy = 4
5 ┆ 
6 ┆ let () = print_int poshanossy

poshanossy can't be found. Did you mean one of these?
- poshanassy
- poshanyssy
- poshanissy
- poshanessy


