# Unformatted Error Output:
# File "tests/__tests__/refmterr/__fixtures__/type_RecordFieldNotBelong/type_RecordFieldNotBelong_1.ml", line 9, characters 23-24:
# Error: This record pattern is expected to have type asd
#        The field b does not belong to type asd


 ERROR  tests/__tests__/refmterr/__fixtures__/type_RecordFieldNotBelong/type_RecordFieldNotBelong_1.ml:9 23-24 

6 ┆ type lol =
7 ┆   | Something of asd
8 ┆ 
9 ┆ let bla (Something {a; b}) = 1

This field b doesn't belong to the record.

The record pattern has type: asd


