# Unformatted Error Output:
# File "tests/__tests__/refmterr/__fixtures__/prettyPrint/prettyPrint_1.ml", line 5, characters 38-45:
# Error: The constructor Coconut expects 1 argument(s),
#        but is applied here to 0 argument(s)


 ERROR  tests/__tests__/refmterr/__fixtures__/prettyPrint/prettyPrint_1.ml:5 38-45 

 2 ┆ 
 3 ┆ type bread =
 4 ┆   | Coconut of string
 5 ┆ let morning = Coconut
 6 ┆ 
 7 ┆ 
 8 ┆ 

You must pass exactly 1 argument to this variant. You have passed 0 arguments.


