# Unformatted Error Output:
# File "tests/__tests__/refmterr/__fixtures__/type_UnboundRecordField/type_UnboundRecordField_1.ml", line 7, characters 2-3:
# Error: Unbound record field b


 ERROR  tests/__tests__/refmterr/__fixtures__/type_UnboundRecordField/type_UnboundRecordField_1.ml:7 2-3 

4 ┆ 
5 ┆ let bla = {
6 ┆   a = 5;
7 ┆   b = 6;
8 ┆ }

Record field b can't be found in any record type.

Record fields must be "in scope". That means you need to `open TheModule` where the record type is defined.
Alternatively, instead of opening a module, you can prefix the record field name like {TheModule.x: 0, y: 100}.


